========================================= should print debug info for trees using pretty formatting
╒══════════════════════════════════════════════════════════════════════════════╕
│                         [1mOutput after [0m[34mTestPhase[0m[1m phase[0m                         │
╞══════════════════════════════════════════════════════════════════════════════╡
│                                [31mMissing Source[0m                                │
├──────────────────────────────────────────────────────────────────────────────┤
│ [34mpackage[0m A::B::C                                                              │
│ [34mimport[0m B[0m                                                                     │
│ [34mimport[0m C.*[0m                                                                   │
│                                                                              │
│ [34mclass[0m [32mASTOutputSpec[0m: [32mF[0m, [32mG[0m =                                                  │
│     [37m[34mDef[0m [34mstatic[0m [33mmain[0m([37m[36margs[0m: [37m[32mjava::lang::String[0m[][0m[0m): [32mUnit[0m = [37m[0m                     │
│ [37m        [37m[34mprintln[0m([35m1[0m)[0m                                                           │
│         [37m[34mprintln[0m([35m2[0m)[0m                                                           │
│     [0m[0m                                                                         │
│     [37m[34mDef[0m [34mstatic[0m [33mD[0m() = [37m[34mreturn[0m [35m1[0m[0m[0m                                                │
│     [37m[34mdef[0m [33mE[0m([37m[36ma[0m: [32mA[0m[0m) = [37m[34mreturn[0m [35m1[0m[0m[0m                                                   │
│                                                                              │
│                                                                              │
│ [34mclass[0m [32mF[0m[0m                                                                      │
│                                                                              │
│ [34mtrait[0m [32mG[0m[0m                                                                      │
├────────────────────────────────┬───────────┬────────┬──────┬─────────────────┤
│ [1;34mTree[0m                           │ [1;34mReference[0m │ [1;34mSymbol[0m │ [1;34mType[0m │ [1;34mPosition[0m        │
│                                │           │        │      │                 │
│ [1mCompilationUnit[0m[1m([0m[31mMissing Sou[0m... │ [31m10000000[0m  │        │      │ [1;31m×[0m[0m               │
│ ├── [1mRegularImport[0m[1m([0m[32mB[0m[1m)[0m           │ [32m20000000[0m  │        │      │ [1;31m×[0m[0m               │
│ ├── [1mWildCardImport[0m[1m([0m[32mC::*[0m[1m)[0m       │ [33m30000000[0m  │        │      │ [1;31m×[0m[0m               │
│ ├─┬ [1mClassDecl[0m                  │ [34m40000000[0m  │ [4;30mC0[0m     │      │ [1;31m×[0m[0m               │
│ │ ├── [1mClassID[0m[1m([0m[32mASTOutputSpec[0m[1m)[0m   │ [35m50000000[0m  │ [1;31m×[0m[0m      │ [1;31m×[0m[0m    │ [1;31m×[0m[0m               │
│ │ ├── [1mClassID[0m[1m([0m[32mF[0m[1m)[0m               │ [36m60000000[0m  │ [1;31m×[0m[0m      │ [1;31m×[0m[0m    │ [1;31m×[0m[0m               │
│ │ ├── [1mClassID[0m[1m([0m[32mG[0m[1m)[0m               │ [37m70000000[0m  │ [1;31m×[0m[0m      │ [1;31m×[0m[0m    │ [1;31m×[0m[0m               │
│ │ ├─┬ [1mMethodDecl[0m               │ [37;40m80000000[0m  │ [1;31m×[0m[0m      │      │ [34m160[0m [35m148[0m [34m29 [0m [35m47 [0m │
│ │ │ ├── [1mMethodID[0m[1m([0m[33mmain[0m[1m)[0m         │ [30;41m90000000[0m  │ [1;31m×[0m[0m      │ [1;31m×[0m[0m    │ [1;31m×[0m[0m               │
│ │ │ ├── [1mPublic[0m                 │ [30;42ma0000000[0m  │        │      │ [1;31m×[0m[0m               │
│ │ │ ├── [1mStatic[0m                 │ [30;43mb0000000[0m  │        │      │ [1;31m×[0m[0m               │
│ │ │ ├─┬ [1mFormal[0m                 │ [30;44mc0000000[0m  │ [1;31m×[0m[0m      │      │ [1;31m×[0m[0m               │
│ │ │ │ ├─┬ [1mArrayType[0m            │ [30;45md0000000[0m  │        │ [1;31m×[0m[0m    │ [1;31m×[0m[0m               │
│ │ │ │ │ └── [1mClassID[0m[1m([0m[32mjava::l[0m... │ [30;46me0000000[0m  │ [1;31m×[0m[0m      │ [1;31m×[0m[0m    │ [1;31m×[0m[0m               │
│ │ │ │ └── [1mVariableID[0m[1m([0m[36margs[0m[1m)[0m     │ [30;47mf0000000[0m  │ [1;31m×[0m[0m      │ [1;31m×[0m[0m    │ [1;31m×[0m[0m               │
│ │ │ ├── [1mUnitType[0m               │ [30m10000000[0m  │        │ [1;31m×[0m[0m    │ [1;31m×[0m[0m               │
│ │ │ └─┬ [1mBlock[0m                  │ [31m11000000[0m  │        │      │ [1;31m×[0m[0m               │
│ │ │   ├─┬ [1mPrintln[0m              │ [32m12000000[0m  │        │      │ [32m-[0m               │
│ │ │   │ └── [1mIntLit[0m[1m([0m[35m1[0m[1m)[0m          │ [33m13000000[0m  │        │ [35mInt[0m  │ [1;31m×[0m[0m               │
│ │ │   └─┬ [1mPrintln[0m              │ [34m14000000[0m  │        │      │ [32m-[0m               │
│ │ │     └── [1mIntLit[0m[1m([0m[35m2[0m[1m)[0m          │ [35m15000000[0m  │        │ [35mInt[0m  │ [1;31m×[0m[0m               │
│ │ ├─┬ [1mMethodDecl[0m               │ [36m16000000[0m  │ [4;31mM1[0m     │      │ [34m115[0m [35m53 [0m [34m91 [0m [35m161[0m │
│ │ │ ├── [1mMethodID[0m[1m([0m[33mD[0m[1m)[0m            │ [37m17000000[0m  │ [1;31m×[0m[0m      │ [1;31m×[0m[0m    │ [1;31m×[0m[0m               │
│ │ │ ├── [1mPublic[0m                 │ [37;40m18000000[0m  │        │      │ [1;31m×[0m[0m               │
│ │ │ ├── [1mStatic[0m                 │ [30;41m19000000[0m  │        │      │ [1;31m×[0m[0m               │
│ │ │ └─┬ [1mReturn[0m                 │ [30;42m1a000000[0m  │        │ [1;31m×[0m[0m    │ [32m-[0m               │
│ │ │   └── [1mIntLit[0m[1m([0m[35m1[0m[1m)[0m            │ [30;43m1b000000[0m  │        │ [35mInt[0m  │ [1;31m×[0m[0m               │
│ │ └─┬ [1mMethodDecl[0m               │ [30;44m1c000000[0m  │ [4;32mM2[0m     │      │ [34m73 [0m [35m62 [0m [34m95 [0m [35m44 [0m │
│ │   ├── [1mMethodID[0m[1m([0m[33mE[0m[1m)[0m            │ [30;45m1d000000[0m  │ [1;31m×[0m[0m      │ [1;31m×[0m[0m    │ [1;31m×[0m[0m               │
│ │   ├── [1mPrivate[0m                │ [30;46m1e000000[0m  │        │      │ [1;31m×[0m[0m               │
│ │   ├─┬ [1mFormal[0m                 │ [30;47m1f000000[0m  │ [1;31m×[0m[0m      │      │ [34m119[0m [35m54 [0m [34m77 [0m [35m77 [0m │
│ │   │ ├── [1mClassID[0m[1m([0m[32mA[0m[1m)[0m           │ [30m20000000[0m  │ [1;31m×[0m[0m      │ [1;31m×[0m[0m    │ [1;31m×[0m[0m               │
│ │   │ └── [1mVariableID[0m[1m([0m[36ma[0m[1m)[0m        │ [31m21000000[0m  │ [1;31m×[0m[0m      │ [1;31m×[0m[0m    │ [1;31m×[0m[0m               │
│ │   └─┬ [1mReturn[0m                 │ [32m22000000[0m  │        │ [1;31m×[0m[0m    │ [32m-[0m               │
│ │     └── [1mIntLit[0m[1m([0m[35m1[0m[1m)[0m            │ [33m23000000[0m  │        │ [35mInt[0m  │ [1;31m×[0m[0m               │
│ ├─┬ [1mClassDecl[0m                  │ [34m24000000[0m  │ [4;33mC3[0m     │      │ [34m84 [0m [35m75 [0m [34m41 [0m [35m120[0m │
│ │ └── [1mClassID[0m[1m([0m[32mF[0m[1m)[0m               │ [35m25000000[0m  │ [1;31m×[0m[0m      │ [1;31m×[0m[0m    │ [1;31m×[0m[0m               │
│ └─┬ [1mTraitDecl[0m                  │ [36m26000000[0m  │ [1;31m×[0m[0m      │      │ [34m143[0m [35m88 [0m [34m124[0m [35m147[0m │
│   └── [1mClassID[0m[1m([0m[32mG[0m[1m)[0m               │ [37m27000000[0m  │ [1;31m×[0m[0m      │ [1;31m×[0m[0m    │ [1;31m×[0m[0m               │
└────────────────────────────────┴───────────┴────────┴──────┴─────────────────┘

========================================= should print debug info for trees using simple formatting
 ============================================================================== 
|                         Output after TestPhase phase                         |
|==============================================================================|
|                                Missing Source                                |
|------------------------------------------------------------------------------|
| package A::B::C                                                              |
| import B                                                                     |
| import C.*                                                                   |
|                                                                              |
| class ASTOutputSpec: F, G =                                                  |
|     Def static main(args: java::lang::String[]): Unit =                      |
|         println(1)                                                           |
|         println(2)                                                           |
|                                                                              |
|     Def static D() = return 1                                                |
|     def E(a: A) = return 1                                                   |
|                                                                              |
|                                                                              |
| class F                                                                      |
|                                                                              |
| trait G                                                                      |
|------------------------------------------------------------------------------|
| Tree                           | Reference | Symbol | Type | Position        |
|                                |           |        |      |                 |
| CompilationUnit(Missing Sou... | 10000000  |        |      | x               |
| |-- RegularImport(B)           | 20000000  |        |      | x               |
| |-- WildCardImport(C::*)       | 30000000  |        |      | x               |
| |-- ClassDecl                  | 40000000  | C0     |      | x               |
| | |-- ClassID(ASTOutputSpec)   | 50000000  | x      | x    | x               |
| | |-- ClassID(F)               | 60000000  | x      | x    | x               |
| | |-- ClassID(G)               | 70000000  | x      | x    | x               |
| | |-- MethodDecl               | 80000000  | x      |      | 160 148 29  47  |
| | | |-- MethodID(main)         | 90000000  | x      | x    | x               |
| | | |-- Public                 | a0000000  |        |      | x               |
| | | |-- Static                 | b0000000  |        |      | x               |
| | | |-- Formal                 | c0000000  | x      |      | x               |
| | | | |-- ArrayType            | d0000000  |        | x    | x               |
| | | | |  -- ClassID(java::l... | e0000000  | x      | x    | x               |
| | | |  -- VariableID(args)     | f0000000  | x      | x    | x               |
| | | |-- UnitType               | 10000000  |        | x    | x               |
| | |  -- Block                  | 11000000  |        |      | x               |
| | |   |-- Println              | 12000000  |        |      | -               |
| | |   |  -- IntLit(1)          | 13000000  |        | Int  | x               |
| | |    -- Println              | 14000000  |        |      | -               |
| | |      -- IntLit(2)          | 15000000  |        | Int  | x               |
| | |-- MethodDecl               | 16000000  | M1     |      | 115 53  91  161 |
| | | |-- MethodID(D)            | 17000000  | x      | x    | x               |
| | | |-- Public                 | 18000000  |        |      | x               |
| | | |-- Static                 | 19000000  |        |      | x               |
| | |  -- Return                 | 1a000000  |        | x    | -               |
| | |    -- IntLit(1)            | 1b000000  |        | Int  | x               |
| |  -- MethodDecl               | 1c000000  | M2     |      | 73  62  95  44  |
| |   |-- MethodID(E)            | 1d000000  | x      | x    | x               |
| |   |-- Private                | 1e000000  |        |      | x               |
| |   |-- Formal                 | 1f000000  | x      |      | 119 54  77  77  |
| |   | |-- ClassID(A)           | 20000000  | x      | x    | x               |
| |   |  -- VariableID(a)        | 21000000  | x      | x    | x               |
| |    -- Return                 | 22000000  |        | x    | -               |
| |      -- IntLit(1)            | 23000000  |        | Int  | x               |
| |-- ClassDecl                  | 24000000  | C3     |      | 84  75  41  120 |
| |  -- ClassID(F)               | 25000000  | x      | x    | x               |
|  -- TraitDecl                  | 26000000  | x      |      | 143 88  124 147 |
|    -- ClassID(G)               | 27000000  | x      | x    | x               |
 ------------------------------------------------------------------------------ 
