========================================= should print debug info for trees using pretty formatting
╒══════════════════════════════════════════════════════════════════════════════╕
│                            [1mOutput after [0m[34mTestPhase[0m                            │
╞══════════════════════════════════════════════════════════════════════════════╡
│                                [31mMissing Source[0m                                │
├──────────────────────────────────────────────────────────────────────────────┤
│ Tree but pretty printed!                                                     │
├──────┬──────┬───────────┬────────┬───────────────────────────────────────────┤
│ [1;34mLine[0m │ [1;34mTree[0m │ [1;34mReference[0m │ [1;34mSymbol[0m │ [1;34mType[0m                                      │
│      │      │           │        │                                           │
│ A    │ B    │ C         │ D      │ E                                         │
└──────┴──────┴───────────┴────────┴───────────────────────────────────────────┘

========================================= should print debug info for trees using simple formatting
 ============================================================================== 
|                            Output after TestPhase                            |
|==============================================================================|
|                                Missing Source                                |
|------------------------------------------------------------------------------|
| Tree but pretty printed!                                                     |
|------------------------------------------------------------------------------|
| Line | Tree | Reference | Symbol | Type                                      |
|      |      |           |        |                                           |
| A    | B    | C         | D      | E                                         |
 ------------------------------------------------------------------------------ 
