========================================= A repl should define and use classes
╒══════════════════════════════════════════════════════════════════════════════╕
│                                    [1;32mResult[0m                                    │
╞══════════════════════════════════════════════════════════════════════════════╡
│ [34mclass [36mA [37m=[0m                                                                    │
│    [34mDef [36mTimes[37m([36mt[37m: [36mInt[37m) =[0m                                                       │
│       [34mfor[37m([34mvar [36mi [37m= [35m0[37m; [36mi [37m< [36mt[37m; [36mi[37m++)[0m                                             │
│          [34mprintln[37m([33m"A" [37m+ [36mi[37m)[0m                                                    │
│ [34mnew [36mA[37m().[36mTimes[37m([35m10[37m)[0m                                                            │
├──────────────────────────────────────────────────────────────────────────────┤
│ [1mDefined [1;34mclass [1;36mA[0m                                                              │
│ [36mA0[0m                                                                           │
│ [36mA1[0m                                                                           │
│ [36mA2[0m                                                                           │
│ [36mA3[0m                                                                           │
│ [1;32m... 6 more[0m                                                                   │
└──────────────────────────────────────────────────────────────────────────────┘


========================================= A repl should define and use functions
╒══════════════════════════════════════════════════════════════════════════════╕
│                                    [1;32mResult[0m                                    │
╞══════════════════════════════════════════════════════════════════════════════╡
│ [34mdef [36mFun[37m([36ma[37m: [36mInt[37m, [36mb[37m: [36mString[37m) = [36mb [37m* [36ma[0m                                           │
│                                                                              │
│ [36mFun[37m([35m5[37m, [33m"ABC"[37m)[0m                                                                │
│                                                                              │
├──────────────────────────────────────────────────────────────────────────────┤
│ [1mDefined [1;34mmethod [1;36mFun[1;37m([1;36mInt[1;37m, [1;36mString[1;37m)[0m                                              │
│ [34mval [36mres2[37m: [36mString [37m= [36mABCABCABCABCABC[0m                                           │
└──────────────────────────────────────────────────────────────────────────────┘


========================================= A repl should execute simple commands
╒══════════════════════════════════════════════════════════════════════════════╕
│                                    [1;32mResult[0m                                    │
╞══════════════════════════════════════════════════════════════════════════════╡
│                                                                              │
├──────────────────────────────────────────────────────────────────────────────┤
│ [34mval [36mres0[37m: [36mInt [37m= [35m8[0m                                                            │
└──────────────────────────────────────────────────────────────────────────────┘


========================================= A repl should exit when pressing CTRL+C
╒══════════════════════════════════════════════════════════════════════════════╕
│                                    [1;35mInput[0m                                     │
╞══════════════════════════════════════════════════════════════════════════════╡
│                                                                              │
├──────────────────────────────────────────────────────────────────────────────┤
│ [1mThanks for using the [1;32mT-REPL[0m[1m![0m                                                 │
└──────────────────────────────────────────────────────────────────────────────┘


========================================= A repl should handle imports
╒══════════════════════════════════════════════════════════════════════════════╕
│                                    [1;32mResult[0m                                    │
╞══════════════════════════════════════════════════════════════════════════════╡
│ [34mimport [36mjava[37m::[36mutil[37m::[36mDate[0m                                                      │
│                                                                              │
│ [34mnew [36mDate[37m([35m0[37m)[0m                                                                  │
│                                                                              │
├──────────────────────────────────────────────────────────────────────────────┤
│ [1mImported [1;36mjava[1;37m::[1;36mutil[1;37m::[1;36mDate[0m                                                    │
│ [34mval [36mres3[37m: [36mDate [37m= [36mThu Jan [35m01 01[37m:[35m00[37m:[35m00 [36mCET [35m1970[0m                                │
└──────────────────────────────────────────────────────────────────────────────┘


========================================= A repl should show compilation errors
╒══════════════════════════════════════════════════════════════════════════════╕
│                                    [1;31mError[0m                                     │
╞══════════════════════════════════════════════════════════════════════════════╡
│ [33m"ABC" [37m+ [1;4;31ma[0m[36m [37m+ [36mres0 [37m+ [1;4;31mb[0m[36m [37m+ [33m"ABC"[0m                                                 │
├──────┬───────────────────────────────────────────────────────────────────────┤
│ [35m1[0m:[35m9[0m  │ [1;31mError N2010[0m [1mCould not resolve symbol [1;35ma[0m[1m.[0m                               │
│ [35m1[0m:[35m20[0m │ [1;31mError N2010[0m [1mCould not resolve symbol [1;35mb[0m[1m.[0m                               │
└──────┴───────────────────────────────────────────────────────────────────────┘


========================================= A repl should show stack traces on errors
╒══════════════════════════════════════════════════════════════════════════════╕
│                                    [1;31mError[0m                                     │
╞══════════════════════════════════════════════════════════════════════════════╡
│ [34merror[37m([33m"ABC"[37m)[0m                                                                 │
├──────────────────────────────────────────────────────────────────────────────┤
│ [1;31mjava[1;37m.[1;31mlang[1;37m.[1;31mRuntimeException[1;37m:[0m[37m [33mABC[0m                                              │
│    [1mat[0m[36m [1;31mReplExecution[1;37m.[1;34mmain[1;37m([0m[36mUnknown Source[37m)[0m                                     │
└──────────────────────────────────────────────────────────────────────────────┘


========================================= A repl should use existing variables
╒══════════════════════════════════════════════════════════════════════════════╕
│                                    [1;32mResult[0m                                    │
╞══════════════════════════════════════════════════════════════════════════════╡
│ [35m5 [37m* [36mres0[0m                                                                     │
├──────────────────────────────────────────────────────────────────────────────┤
│ [34mval [36mres1[37m: [36mInt [37m= [35m40[0m                                                           │
└──────────────────────────────────────────────────────────────────────────────┘

