========================================= FlowingErrors AccessIsNull
F2001: [1mCannot use nullable variable [35mABC[0m[1m since it is known to be null.[0m

========================================= FlowingErrors AccessMightBeNull
F2000: [1mCannot use nullable variable [35mABC[0m[1m without first checking if it is null.[0m

========================================= FlowingErrors AccessNullableMethod
F2002: [1mCannot directly use result of method call [35mABC[0m[1m since it could be null.[0m

========================================= FlowingErrors DeadCode
F1000: [1mCode on [0m[1mline [35m0[0m[1m is unreachable.[0m

========================================= FlowingErrors DivideByZero
F2003: [1mDivision by expression [35mABC[0m[1m is illegal since it is known to have the value [35m0[0m[1m.[0m

========================================= FlowingErrors OutOfBounds
F2004: [1mIndexing expression [35mABC[0m[1m is out of bounds: [35m0 > 0[0m[1m.[0m

========================================= FlowingErrors ReassignmentToVal
F2005: [1mCannot reassign value [35mABC[0m[1m.[0m

========================================= FlowingErrors UnnecessaryCheck
F1001: [1mCheck is unnecessary, [35mABC[0m[1m is known [0m[1mto be [35mnull[0m

========================================= FlowingErrors UnnecessaryElse
F1002: [1mElse is unnecessary since code flow ends in then branch.[0m

========================================= FlowingErrors VariableNotInitialized
F2006: [1mCannot use variable [35mABC[0m[1m since it may not have been initialized.[0m

========================================= ImportErrors CantResolveImport
I2000: [1mCannot resolve import [35mABC[0m[1m.[0m

========================================= ImportErrors ConflictingImport
I2001: [1mImports [35mABC[0m[1m and [35mABC[0m[1m are conflicting.[0m

========================================= ImportErrors NoGenerics
I1000: [1mGeneric import [35mABC[0m[1m did not contain any generic classes.[0m

========================================= LexingErrors EmptyCharLiteral
L2003: [1mEmpty character literal.[0m

========================================= LexingErrors IndentationMixesTabsAndSpaces
L2015: [1mCannot mix tabs and spaces. Use tabs for indentation and spaces for alignment.[0m

========================================= LexingErrors IndentationTooLong
L2016: [1mIndentation is too large. Indentation level went from [35m0[0m[1m to [35m0[0m[1m. Indentation should only increase one level at a time.[0m

========================================= LexingErrors InvalidBinaryLiteral
L2013: [1mInvalid binary literal.[0m

========================================= LexingErrors InvalidCharLiteral
L2005: [1mInvalid character literal.[0m

========================================= LexingErrors InvalidEscapeSequence
L2004: [1mInvalid escape sequence.[0m

========================================= LexingErrors InvalidFloat
L2012: [1mInvalid floating point number.[0m

========================================= LexingErrors InvalidHexadecimalLiteral
L2014: [1mInvalid hexadecimal literal.[0m

========================================= LexingErrors InvalidIdentifier
L2001: [1mInvalid character in identifier: [35mA[0m[1m.[0m

========================================= LexingErrors InvalidNumber
L2011: [1mInvalid number.[0m

========================================= LexingErrors InvalidUnicode
L2006: [1mInvalid unicode escape sequence.[0m

========================================= LexingErrors NumberTooLargeForInt
L2009: [1mNumber is too large to fit in an [35mInt[0m[1m.[0m

========================================= LexingErrors NumberTooLargeForLong
L2010: [1mNumber is too large to fit in a [35mLong[0m[1m.[0m

========================================= LexingErrors StringLiteralTooLarge
L2000: [1mString literals cannot be larger [35m65535[0m[1m characters.[0m

========================================= LexingErrors TabsNonIndentation
L2017: [1mTabs should only be used for indentation. Use spaces for alignment.[0m

========================================= LexingErrors UnclosedCharLiteral
L2007: [1mUnclosed character literal.[0m

========================================= LexingErrors UnclosedMultilineString
L2002: [1mUnclosed multiline string literal.[0m

========================================= LexingErrors UnclosedStringLiteral
L2008: [1mUnclosed string literal.[0m

========================================= LexingErrors UnnecessaryWhitespaceOnBlankLine
L1000: [1mUnnecessary whitespaces on blank line.[0m

========================================= NamingErrors AbstractConstructor
N2019: [1mConstructors cannot be abstract.[0m

========================================= NamingErrors AbstractOperator
N2001: [1mOperators cannot be abstract.[0m

========================================= NamingErrors AccessNonStaticFromStatic
N2011: [1mNon-static field [35mABC[0m[1m cannot be accessed from a static function.[0m

========================================= NamingErrors BreakContinueOutsideLoop
N2015: [1mCan not use [35mABC[0m[1m statement outside of a loop.[0m

========================================= NamingErrors CantResolveSymbol
N2010: [1mCould not resolve symbol [35mABC[0m[1m.[0m

========================================= NamingErrors ClassAlreadyDefined
N2003: [1mClass [35mABC[0m[1m is already defined at line [35m0[0m[1m.[0m

========================================= NamingErrors ClassUnimplementedMethod
N2018: [1mOnly traits can have unimplemented methods.[0m

========================================= NamingErrors CouldBeVal
N1004: [1mVariable [35mABC[0m[1m could be val.[0m

========================================= NamingErrors ExtendMultipleClasses
N2016: [1mCan only extend from multiple traits, not classes.[0m

========================================= NamingErrors FieldDefinedInSuperClass
N2005: [1mField [35mABC[0m[1m is already defined in super class.[0m

========================================= NamingErrors InheritanceCycle
N2000: [1mA cycle was found in the inheritance graph: [0m[1;35mABC[0m[1m <: [35mABC[0m

========================================= NamingErrors MethodAlreadyDefined
N2007: [1mMethod [35mABC[0m[1m is already defined at line [35m0[0m[1m.[0m

========================================= NamingErrors NonFirstArgumentIsClass
N2017: [1mOnly the first parent can be a class.[0m

========================================= NamingErrors NonStaticFinalFieldInTrait
N2022: [1mFields in traits need to be val static.[0m

========================================= NamingErrors OperatorAlreadyDefined
N2009: [1mOperator [35mABC[0m[1m is already defined.[0m

========================================= NamingErrors OperatorWrongTypes
N2014: [1mOperator [35mABC[0m[1m defined in [0m[1mclass [35mABC[0m[1m needs to have [35mABC[0m[1m as an argument.[0m

========================================= NamingErrors ParentNotDeclared
N2012: [1mCould not resolve parent symbol [35mABC[0m[1m.[0m

========================================= NamingErrors SuperInStaticContext
N2020: [1;35msuper[0m[1m can not be used in a static context.[0m

========================================= NamingErrors SuperSpecifierDoesNotExist
N2021: [1mSuper refers to class [35mABC[0m[1m which [35mABC[0m[1m does not inherit from.[0m

========================================= NamingErrors ThisInStaticContext
N2013: [1;35mthis[0m[1m can not be used in a static context.[0m

========================================= NamingErrors UnimplementedMethodNoReturnType
N2023: [1mUnimplemented method [35mABC[0m[1m needs a return type.[0m

========================================= NamingErrors UnknownType
N2006: [1mUnknown type: [35mABC[0m[1m.[0m

========================================= NamingErrors UnusedVar
N1000: [1mVariable [35mABC[0m[1m is never used.[0m

========================================= NamingErrors UselessStatement
N1003: [1mStatement has no effect.[0m

========================================= NamingErrors VariableAlreadyDefined
N2004: [1mVariable named [35mABC[0m[1m is already defined at line [35m0[0m[1m.[0m

========================================= ParsingErrors ExpectedIdAssignment
P3001: [1mExpected identifier or array access on left side of assignment.[0m

========================================= ParsingErrors FileClassAlreadyDefined
P2004: [1mCannot have free statements or methods since a class with name [35mABC[0m[1m is already defined at line [35m-1[0m[1m. Consider moving the free statements in to [35mABC[0m[1m.[0m

========================================= ParsingErrors ImplicitMethodOrOperator
P2000: [1mOnly constructors can be declared implicit.[0m

========================================= ParsingErrors InvalidArrayDimension
P2002: [1mInvalid array dimension: [35m0[0m[1m, [35m255[0m[1m is the maximum dimension of an array.[0m

========================================= ParsingErrors MainMethodAlreadyDefined
P2003: [1mCannot have free statements since a main method is already defined at line [35m-1[0m[1m.[0m

========================================= ParsingErrors StaticIndexingOperator
P2001: [1mIndexing operators cannot be declared static.[0m

========================================= ParsingErrors UnexpectedToken
P3003: [1mUnexpected token: [35m0[0m

========================================= ParsingErrors WrongToken
P3002: [1mExpected [0m[1;35mInt literal[0m[1m, found: [35m0[0m[1m.[0m

========================================= TemplatingErrors ClassDoesNotExist
G2001: [1mCould not find template class named [35mABC[0m[1m.[0m

========================================= TemplatingErrors WrongNumGenerics
G2000: [1mWrong number of template parameters, expected [35m0[0m[1m, found [35m0[0m[1m.[0m

========================================= TypingErrors AssignUnit
T2010: [1mCannot assign variable to an expression of type [35mUnit[0m[1m.[0m

========================================= TypingErrors ClassDoesntHaveField
T2003: [1mClass [35mABC[0m[1m does not contain a field [35mABC[0m[1m.[0m

========================================= TypingErrors ClassDoesntHaveMethod
T2001: [1mClass [35mABC[0m[1m does not contain a method [35mABC[0m[1m.[0m

========================================= TypingErrors DoesntHaveConstructor
T2016: [1mClass [35mABC[0m[1m does not contain a constructor [35mnew()[0m[1m.[0m

========================================= TypingErrors FieldOnWrongType
T2004: [1mCannot access field on type [35mABC[0m[1m.[0m

========================================= TypingErrors InvalidPrivacyAccess
T2009: [1mCannot use [35mprivate[0m[1m [0m[1mmethod [35mABC()[0m[1m in class [35mABC[0m[1m from class [35mABC[0m[1m.[0m

========================================= TypingErrors MethodOnWrongType
T2002: [1mCannot call method [35mABC[0m[1m on type [35mABC[0m[1m.[0m

========================================= TypingErrors NonStaticFieldAsStatic
T2007: [1mTrying to access field [35mABC[0m[1m statically but the field is not declared as static.[0m

========================================= TypingErrors NonStaticFieldFromStatic
T2008: [1mCannot access non-static field [35mABC[0m[1m from a static method.[0m

========================================= TypingErrors NonStaticMethodAsStatic
T2005: [1mTrying to call method [35mABC[0m[1m statically but the method is not declared as static.[0m

========================================= TypingErrors NonStaticMethodFromStatic
T2006: [1mCannot access non-static method [35mABC[0m[1m from a static method.[0m

========================================= TypingErrors OperatorNotFound
T2013: [1m define an operator [35mABC[0m[1m.[0m

========================================= TypingErrors OperatorWrongReturnType
T2014: [1mOperator [35mABC[0m[1m has wrong return type: expected [35mT::lang::Int[0m[1m, found [35mT::lang::Int[0m[1m.[0m

========================================= TypingErrors WrongReturnType
T2015: [1mExpected a return value of type [35mT::lang::Int[0m[1m.[0m

========================================= TypingErrors WrongType
T2000: [1mExpected type: [0mABC[1m, found: [0mABC[1m.[0m

========================================= TemplatingErrors SameName
G2002: [1mGeneric parameter [35mABC[0m[1m appears multiple times.[0m

========================================= TypingErrors NoTypeNoInitializer
T2018: [1mVariable [35mABC[0m[1m declared with no type or initialization.[0m

========================================= TypingErrors ValueMustBeInitialized
T2019: [1mValue [35mABC[0m[1m is not initialized.[0m

========================================= TypingErrors NotOnNonNullable
T2020: [1;35m![0m[1m operator can only be applied to [35mBool[0m[1m and nullable types.[0m

========================================= TypingErrors CantInferTypeRecursiveMethod
T2021: [1mCannot infer type of recursive method.[0m

========================================= TypingErrors InvalidIncrementDecrementExpr
T2022: [1mInvalid increment/decrement expression.[0m

========================================= TypingErrors InstantiateTrait
T2024: [1mCannot instantiate trait [35mABC[0m[1m.[0m

========================================= TypingErrors UnimplementedMethodFromTrait
T2025: [1mClass [35mABC[0m[1m does not implement the following methods:[0m


========================================= TypingErrors UnimplementedOperatorFromTrait
T2026: [1mClass [35mABC[0m[1m does not implement operator [35mABC[0m[1m from trait [35mABC[0m[1m.[0m

========================================= TypingErrors OverridingMethodDifferentReturnType
T2027: [1mOverriding method [35mABC()[0m[1m in class [35mABC[0m[1m has return type [35m[untyped][0m[1m while the method in parent [35mABC[0m[1m has return type [35m[untyped][0m[1m.[0m

========================================= TypingErrors CantPrintUnitType
T2028: [1mCannot print an expression of type [35mUnit[0m[1m.[0m

========================================= TypingErrors NoSuperTypeHasMethod
T2029: [1mNo super type of class [35mABC[0m[1m implements a method [35mABC[0m[1m.[0m

========================================= TypingErrors NoSuperTypeHasField
T2030: [1mNo super type of class [35mABC[0m[1m has a field [35mABC[0m[1m.[0m

========================================= TypingErrors ForeachNotIterable
T2032: [1mType [35mT::lang::Int[0m[1m is not iterable.[0m

========================================= TypingErrors AssignNullToNonNullable
T2033: [1mCannot assign null to non nullable type [35mT::lang::Int[0m[1m.[0m

========================================= TypingErrors SafeAccessOnNonNullable
T2034: [1mCannot use safe access on non nullable type [35mT::lang::Int[0m[1m.[0m

========================================= TypingErrors ExtractNullableNonNullable
T2035: [1mCannot use the nullable extraction operator on non nullable type [35mT::lang::Int[0m[1m.[0m

========================================= TypingErrors ElvisOperatorNonNullable
T2036: [1mCannot use the elvis operator on non-nullable type [35mT::lang::Int[0m[1m.[0m

========================================= TypingErrors AssignValueToMethodCall
T2037: [1mCannot assign a value to the result of a method call.[0m

========================================= TypingErrors NonNullableEqualsNull
T2038: [1mCannot check if non nullable type [35mT::lang::Int[0m[1m is null.[0m

========================================= TypingErrors UnusedPrivateMethod
T1000: [1mPrivate method [35mABC[0m[1m is never used.[0m

========================================= NamingErrors AnnotationNeedsLiteralValue
N2024: [1mOnly literal values can be used in an annotation.[0m

========================================= TypingErrors MissingAnnotationValues
T2011: [1mAnnotation [35mABC[0m[1m is missing the following values:[0m


========================================= TypingErrors AnnotationValueDoesNotExist
T2012: [1mAnnotation [35mABC[0m[1m does not have a value named [35mABC[0m[1m.[0m

========================================= NamingErrors StaticInAnnotation
N2025: [1mCannot use static inside an annotation.[0m

========================================= NamingErrors ConstructorInAnnotation
N2026: [1mCannot declare a constructor inside an annotation.[0m

========================================= NamingErrors OperatorInAnnotation
N2027: [1mCannot declare an operator inside an annotation.[0m

========================================= NamingErrors ImplementedMethodInAnnotation
N2028: [1mMethods inside annotations need to be abstract.[0m

========================================= NamingErrors InvalidMethodReturnTypeInAnnotation
N2029: [1mMethods inside annotations need to return one of following types:[0m
[1;35mT::lang::Int[0m, [1;35mT::lang::Long[0m, [1;35mT::lang::Float[0m, [1;35mT::lang::Double[0m or [1;35mjava::lang::String[0m

========================================= NamingErrors PrivateMethodInAnnotation
N2030: [1mMethods inside annotations need to be public.[0m
